Archive member included to satisfy reference by file (symbol)

/home/TDDI11/sw/lib/elf/libepc.a(init-cpu.o)
                              (start)
/home/TDDI11/sw/lib/elf/libepc.a(init-idt.o)
                              /home/TDDI11/sw/lib/elf/libepc.a(init-cpu.o) (Init_IDT)
/home/TDDI11/sw/lib/elf/libepc.a(init-crt.o)
                              /home/TDDI11/sw/lib/elf/libepc.a(init-cpu.o) (Init_CRT)
/home/TDDI11/sw/lib/elf/libepc.a(display.o)
                              main.o (SetCursorPosition)
/home/TDDI11/sw/lib/elf/libepc.a(timer.o)
                              main.o (Milliseconds)
/home/TDDI11/sw/lib/elf/libepc.a(init8259.o)
                              /home/TDDI11/sw/lib/elf/libepc.a(init-cpu.o) (Init8259)
/home/TDDI11/sw/lib/elf/libepc.a(init8253.o)
                              /home/TDDI11/sw/lib/elf/libepc.a(init-cpu.o) (Init8253)
/home/TDDI11/sw/lib/elf/libepc.a(cycles.o)
                              main.o (CPU_Clock_Cycles)
/home/TDDI11/sw/lib/elf/libepc.a(checkcpu.o)
                              /home/TDDI11/sw/lib/elf/libepc.a(init-cpu.o) (Check_CPU)
/home/TDDI11/sw/lib/elf/libepc.a(io.o)
                              /home/TDDI11/sw/lib/elf/libepc.a(timer.o) (msec)
/home/TDDI11/sw/lib/elf/libepc.a(keyboard.o)
                              /home/TDDI11/sw/lib/elf/libepc.a(io.o) (Enqueue)
/sw/i386-elf-gcc-4.9.0/lib/gcc/i386-elf/4.9.0/libgcc.a(_udivdi3.o)
                              main.o (__udivdi3)

Discarded input sections

 .eh_frame      0x0000000000000000       0x48 main.o
 .eh_frame      0x0000000000000000       0x84 /sw/i386-elf-gcc-4.9.0/lib/gcc/i386-elf/4.9.0/libgcc.a(_udivdi3.o)

Minneskonfiguration

Namn             Början            Längd             Attribut
conventional     0x0000000000000000 0x00000000000a0000
reserved         0x00000000000a0000 0x0000000000060000
extended         0x0000000000100000 0x00000000fff00000
*default*        0x0000000000000000 0xffffffffffffffff

Länkskript och minnestabell

LOAD main.o
LOAD /home/TDDI11/sw/lib/elf/libepc.a
LOAD /home/TDDI11/sw/lib/elf/djgpp/libc.a
LOAD /sw/i386-elf-gcc-4.9.0/lib/gcc/i386-elf/4.9.0/libgcc.a

.text           0x0000000000000000     0x1a7f
                0x0000000000000000                text_frst = .
 *(.start)
 .start         0x0000000000000000        0x8 /home/TDDI11/sw/lib/elf/libepc.a(init-cpu.o)
                0x0000000000000000                start
 *(.init)
 *(.text)
 .text          0x0000000000000008      0x22b main.o
                0x0000000000000008                main
 *fill*         0x0000000000000233        0x1 
 .text          0x0000000000000234       0x50 /home/TDDI11/sw/lib/elf/libepc.a(init-cpu.o)
                0x0000000000000234                Init_CPU
 .text          0x0000000000000284      0x5a0 /home/TDDI11/sw/lib/elf/libepc.a(init-idt.o)
                0x0000000000000694                IRQ2INT
                0x00000000000006a8                _GetISR
                0x00000000000006ec                SetISR
                0x0000000000000724                Init_IDT
 .text          0x0000000000000824      0x110 /home/TDDI11/sw/lib/elf/libepc.a(init-crt.o)
                0x0000000000000824                Init_CRT
                0x0000000000000858                _LastMemoryAddress
 .text          0x0000000000000934      0x6e0 /home/TDDI11/sw/lib/elf/libepc.a(display.o)
                0x0000000000000934                SetCursorVisible
                0x00000000000009b8                _GetCursorRow
                0x00000000000009cc                _GetCursorCol
                0x00000000000009e0                SetCursorPosition
                0x0000000000000a84                ClearScreen
                0x0000000000000aec                _PutAttb
                0x0000000000000b38                _PutCharAt
                0x0000000000000b64                _PutChar
                0x0000000000000be8                PutString
                0x0000000000000c20                PutUnsigned
                0x0000000000000c58                FormatUnsigned
                0x0000000000000ce8                Unsigned2Ascii
                0x0000000000000d6c                _Cell
 .text          0x0000000000001014       0xe0 /home/TDDI11/sw/lib/elf/libepc.a(timer.o)
                0x000000000000109c                Milliseconds
                0x00000000000010b8                Now_Plus
 .text          0x00000000000010f4       0xe0 /home/TDDI11/sw/lib/elf/libepc.a(init8259.o)
                0x00000000000010f4                Init8259
 .text          0x00000000000011d4       0xb0 /home/TDDI11/sw/lib/elf/libepc.a(init8253.o)
                0x00000000000011d4                Init8253
 .text          0x0000000000001284       0x70 /home/TDDI11/sw/lib/elf/libepc.a(cycles.o)
                0x0000000000001284                CPU_Clock_Cycles
 .text          0x00000000000012f4       0x98 /home/TDDI11/sw/lib/elf/libepc.a(checkcpu.o)
                0x00000000000012f4                Check_CPU
 .text          0x000000000000138c       0x60 /home/TDDI11/sw/lib/elf/libepc.a(io.o)
                0x000000000000138c                TimerTickISR
                0x0000000000001398                KeyboardISR
                0x00000000000013b8                ISR_PIC1
                0x00000000000013bf                ISR_PIC2
                0x00000000000013c8                ___main
                0x00000000000013c9                inportb
                0x00000000000013d3                outportb
                0x00000000000013e5                _exit
 .text          0x00000000000013ec      0x570 /home/TDDI11/sw/lib/elf/libepc.a(keyboard.o)
                0x00000000000013ec                ScanCodeRdy
                0x0000000000001410                GetScanCode
                0x0000000000001440                ScanCode2Ascii
                0x0000000000001600                SetsKybdState
                0x00000000000017f0                Enqueue
 .text          0x000000000000195c      0x123 /sw/i386-elf-gcc-4.9.0/lib/gcc/i386-elf/4.9.0/libgcc.a(_udivdi3.o)
                0x000000000000195c                __udivdi3
                0x0000000000001a7e                text_last = (. - 0x1)

.text.unlikely  0x0000000000001a7f        0x0
 .text.unlikely
                0x0000000000001a7f        0x0 /sw/i386-elf-gcc-4.9.0/lib/gcc/i386-elf/4.9.0/libgcc.a(_udivdi3.o)

.data           0x0000000000001a80      0x6c1
                0x0000000000001a80                data_frst = .
 *(.data)
 .data          0x0000000000001a80        0x0 main.o
 .data          0x0000000000001a80       0x20 /home/TDDI11/sw/lib/elf/libepc.a(init-cpu.o)
                0x0000000000001a9e                code_selector
 .data          0x0000000000001aa0       0x90 /home/TDDI11/sw/lib/elf/libepc.a(init-idt.o)
 .data          0x0000000000001b30       0x10 /home/TDDI11/sw/lib/elf/libepc.a(init-crt.o)
 .data          0x0000000000001b40       0x30 /home/TDDI11/sw/lib/elf/libepc.a(display.o)
 .data          0x0000000000001b70       0x10 /home/TDDI11/sw/lib/elf/libepc.a(timer.o)
 .data          0x0000000000001b80        0x0 /home/TDDI11/sw/lib/elf/libepc.a(init8259.o)
 .data          0x0000000000001b80        0x0 /home/TDDI11/sw/lib/elf/libepc.a(init8253.o)
 .data          0x0000000000001b80        0x4 /home/TDDI11/sw/lib/elf/libepc.a(cycles.o)
 .data          0x0000000000001b84        0xc /home/TDDI11/sw/lib/elf/libepc.a(io.o)
                0x0000000000001b84                msec
                0x0000000000001b88                old_tick_isr
                0x0000000000001b8c                old_kybd_isr
 .data          0x0000000000001b90      0x5a0 /home/TDDI11/sw/lib/elf/libepc.a(keyboard.o)
 .data          0x0000000000002130        0x0 /sw/i386-elf-gcc-4.9.0/lib/gcc/i386-elf/4.9.0/libgcc.a(_udivdi3.o)
 *(.rodata)
 .rodata        0x0000000000002130       0x11 main.o
 *(.rodata.str1.1)
 *(.rodata.str1.32)
                0x0000000000002140                data_last = (. - 0x1)

.bss            0x0000000000002144      0x83c
                0x0000000000002144                bss_frst = .
 *(.bss)
 .bss           0x0000000000002144        0x0 main.o
 .bss           0x0000000000002144      0x800 /home/TDDI11/sw/lib/elf/libepc.a(init-idt.o)
 .bss           0x0000000000002944        0x0 /home/TDDI11/sw/lib/elf/libepc.a(init-crt.o)
 .bss           0x0000000000002944        0x8 /home/TDDI11/sw/lib/elf/libepc.a(display.o)
 .bss           0x000000000000294c        0x0 /home/TDDI11/sw/lib/elf/libepc.a(timer.o)
 .bss           0x000000000000294c        0x0 /home/TDDI11/sw/lib/elf/libepc.a(init8259.o)
 .bss           0x000000000000294c        0x0 /home/TDDI11/sw/lib/elf/libepc.a(init8253.o)
 .bss           0x000000000000294c       0x34 /home/TDDI11/sw/lib/elf/libepc.a(keyboard.o)
 .bss           0x0000000000002980        0x0 /sw/i386-elf-gcc-4.9.0/lib/gcc/i386-elf/4.9.0/libgcc.a(_udivdi3.o)
 *(COMMON)
                0x000000000000297f                bss_last = (. - 0x1)

/DISCARD/
 *(.eh_frame)
                0x0000000000002980                stack_frst = (bss_last + 0x1)
                0x000000000000a97f                stack_last = (bss_last + 0x8000)
                0x000000000000a980                heap_frst = (stack_last + 0x1)
OUTPUT(embedded.bin binary)

.debug_info     0x0000000000000000      0x3e2
 .debug_info    0x0000000000000000      0x100 main.o
 .debug_info    0x0000000000000100      0x2e2 /sw/i386-elf-gcc-4.9.0/lib/gcc/i386-elf/4.9.0/libgcc.a(_udivdi3.o)

.debug_abbrev   0x0000000000000000      0x1c9
 .debug_abbrev  0x0000000000000000       0x89 main.o
 .debug_abbrev  0x0000000000000089      0x140 /sw/i386-elf-gcc-4.9.0/lib/gcc/i386-elf/4.9.0/libgcc.a(_udivdi3.o)

.debug_aranges  0x0000000000000000       0x40
 .debug_aranges
                0x0000000000000000       0x20 main.o
 .debug_aranges
                0x0000000000000020       0x20 /sw/i386-elf-gcc-4.9.0/lib/gcc/i386-elf/4.9.0/libgcc.a(_udivdi3.o)

.debug_line     0x0000000000000000      0x14f
 .debug_line    0x0000000000000000       0x9d main.o
 .debug_line    0x000000000000009d       0xb2 /sw/i386-elf-gcc-4.9.0/lib/gcc/i386-elf/4.9.0/libgcc.a(_udivdi3.o)

.debug_str      0x0000000000000000      0x320
 .debug_str     0x0000000000000000      0x109 main.o
 .debug_str     0x0000000000000109      0x217 /sw/i386-elf-gcc-4.9.0/lib/gcc/i386-elf/4.9.0/libgcc.a(_udivdi3.o)

.comment        0x0000000000000000       0x24
 .comment       0x0000000000000000       0x12 main.o
 .comment       0x0000000000000012       0x12 /sw/i386-elf-gcc-4.9.0/lib/gcc/i386-elf/4.9.0/libgcc.a(_udivdi3.o)

.debug_loc      0x0000000000000000      0x4f3
 .debug_loc     0x0000000000000000      0x4f3 /sw/i386-elf-gcc-4.9.0/lib/gcc/i386-elf/4.9.0/libgcc.a(_udivdi3.o)

.debug_ranges   0x0000000000000000       0x30
 .debug_ranges  0x0000000000000000       0x30 /sw/i386-elf-gcc-4.9.0/lib/gcc/i386-elf/4.9.0/libgcc.a(_udivdi3.o)
