Archive member included to satisfy reference by file (symbol)

/home/TDDI11/sw/lib/elf/libepc.a(init-cpu.o)
                              (start)
/home/TDDI11/sw/lib/elf/libepc.a(init-idt.o)
                              /home/TDDI11/sw/lib/elf/libepc.a(init-cpu.o) (Init_IDT)
/home/TDDI11/sw/lib/elf/libepc.a(init-crt.o)
                              /home/TDDI11/sw/lib/elf/libepc.a(init-cpu.o) (Init_CRT)
/home/TDDI11/sw/lib/elf/libepc.a(display.o)
                              test1.o (SetCursorPosition)
/home/TDDI11/sw/lib/elf/libepc.a(timer.o)
                              test1.o (Milliseconds)
/home/TDDI11/sw/lib/elf/libepc.a(init8259.o)
                              /home/TDDI11/sw/lib/elf/libepc.a(init-cpu.o) (Init8259)
/home/TDDI11/sw/lib/elf/libepc.a(init8253.o)
                              /home/TDDI11/sw/lib/elf/libepc.a(init-cpu.o) (Init8253)
/home/TDDI11/sw/lib/elf/libepc.a(checkcpu.o)
                              /home/TDDI11/sw/lib/elf/libepc.a(init-cpu.o) (Check_CPU)
/home/TDDI11/sw/lib/elf/libepc.a(io.o)
                              /home/TDDI11/sw/lib/elf/libepc.a(timer.o) (msec)
/home/TDDI11/sw/lib/elf/libepc.a(keyboard.o)
                              /home/TDDI11/sw/lib/elf/libepc.a(io.o) (Enqueue)

Discarded input sections

 .eh_frame      0x0000000000000000       0x74 test1.o
 .eh_frame      0x0000000000000000       0x48 llmultiplyc.o

Minneskonfiguration

Namn             Början            Längd             Attribut
conventional     0x0000000000000000 0x00000000000a0000
reserved         0x00000000000a0000 0x0000000000060000
extended         0x0000000000100000 0x00000000fff00000
*default*        0x0000000000000000 0xffffffffffffffff

Länkskript och minnestabell

LOAD test1.o
LOAD llmultiplyc.o
LOAD /home/TDDI11/sw/lib/elf/libepc.a
LOAD /home/TDDI11/sw/lib/elf/djgpp/libc.a
LOAD /sw/i386-elf-gcc-4.9.0/lib/gcc/i386-elf/4.9.0/libgcc.a

.text           0x0000000000000000     0x19d4
                0x0000000000000000                text_frst = .
 *(.start)
 .start         0x0000000000000000        0x8 /home/TDDI11/sw/lib/elf/libepc.a(init-cpu.o)
                0x0000000000000000                start
 *(.init)
 *(.text)
 .text          0x0000000000000008      0x13a test1.o
                0x0000000000000008                PutUnsignedLongLong
                0x0000000000000043                main
 .text          0x0000000000000142      0x1da llmultiplyc.o
                0x0000000000000142                llmultiply
 .text          0x000000000000031c       0x50 /home/TDDI11/sw/lib/elf/libepc.a(init-cpu.o)
                0x000000000000031c                Init_CPU
 .text          0x000000000000036c      0x5a0 /home/TDDI11/sw/lib/elf/libepc.a(init-idt.o)
                0x000000000000077c                IRQ2INT
                0x0000000000000790                _GetISR
                0x00000000000007d4                SetISR
                0x000000000000080c                Init_IDT
 .text          0x000000000000090c      0x110 /home/TDDI11/sw/lib/elf/libepc.a(init-crt.o)
                0x000000000000090c                Init_CRT
                0x0000000000000940                _LastMemoryAddress
 .text          0x0000000000000a1c      0x6e0 /home/TDDI11/sw/lib/elf/libepc.a(display.o)
                0x0000000000000a1c                SetCursorVisible
                0x0000000000000aa0                _GetCursorRow
                0x0000000000000ab4                _GetCursorCol
                0x0000000000000ac8                SetCursorPosition
                0x0000000000000b6c                ClearScreen
                0x0000000000000bd4                _PutAttb
                0x0000000000000c20                _PutCharAt
                0x0000000000000c4c                _PutChar
                0x0000000000000cd0                PutString
                0x0000000000000d08                PutUnsigned
                0x0000000000000d40                FormatUnsigned
                0x0000000000000dd0                Unsigned2Ascii
                0x0000000000000e54                _Cell
 .text          0x00000000000010fc       0xe0 /home/TDDI11/sw/lib/elf/libepc.a(timer.o)
                0x0000000000001184                Milliseconds
                0x00000000000011a0                Now_Plus
 .text          0x00000000000011dc       0xe0 /home/TDDI11/sw/lib/elf/libepc.a(init8259.o)
                0x00000000000011dc                Init8259
 .text          0x00000000000012bc       0xb0 /home/TDDI11/sw/lib/elf/libepc.a(init8253.o)
                0x00000000000012bc                Init8253
 .text          0x000000000000136c       0x98 /home/TDDI11/sw/lib/elf/libepc.a(checkcpu.o)
                0x000000000000136c                Check_CPU
 .text          0x0000000000001404       0x60 /home/TDDI11/sw/lib/elf/libepc.a(io.o)
                0x0000000000001404                TimerTickISR
                0x0000000000001410                KeyboardISR
                0x0000000000001430                ISR_PIC1
                0x0000000000001437                ISR_PIC2
                0x0000000000001440                ___main
                0x0000000000001441                inportb
                0x000000000000144b                outportb
                0x000000000000145d                _exit
 .text          0x0000000000001464      0x570 /home/TDDI11/sw/lib/elf/libepc.a(keyboard.o)
                0x0000000000001464                ScanCodeRdy
                0x0000000000001488                GetScanCode
                0x00000000000014b8                ScanCode2Ascii
                0x0000000000001678                SetsKybdState
                0x0000000000001868                Enqueue
                0x00000000000019d3                text_last = (. - 0x1)

.data           0x00000000000019e0      0x7a1
                0x00000000000019e0                data_frst = .
 *(.data)
 .data          0x00000000000019e0       0xc0 test1.o
                0x00000000000019e0                cases
 .data          0x0000000000001aa0        0x0 llmultiplyc.o
 .data          0x0000000000001aa0       0x20 /home/TDDI11/sw/lib/elf/libepc.a(init-cpu.o)
                0x0000000000001abe                code_selector
 .data          0x0000000000001ac0       0x90 /home/TDDI11/sw/lib/elf/libepc.a(init-idt.o)
 .data          0x0000000000001b50       0x10 /home/TDDI11/sw/lib/elf/libepc.a(init-crt.o)
 .data          0x0000000000001b60       0x30 /home/TDDI11/sw/lib/elf/libepc.a(display.o)
 .data          0x0000000000001b90       0x10 /home/TDDI11/sw/lib/elf/libepc.a(timer.o)
 .data          0x0000000000001ba0        0x0 /home/TDDI11/sw/lib/elf/libepc.a(init8259.o)
 .data          0x0000000000001ba0        0x0 /home/TDDI11/sw/lib/elf/libepc.a(init8253.o)
 .data          0x0000000000001ba0        0xc /home/TDDI11/sw/lib/elf/libepc.a(io.o)
                0x0000000000001ba0                msec
                0x0000000000001ba4                old_tick_isr
                0x0000000000001ba8                old_kybd_isr
 .data          0x0000000000001bac      0x5a0 /home/TDDI11/sw/lib/elf/libepc.a(keyboard.o)
 *(.rodata)
 .rodata        0x000000000000214c       0x35 test1.o
 *(.rodata.str1.1)
 *(.rodata.str1.32)
                0x0000000000002180                data_last = (. - 0x1)

.bss            0x0000000000002184      0x83c
                0x0000000000002184                bss_frst = .
 *(.bss)
 .bss           0x0000000000002184        0x0 test1.o
 .bss           0x0000000000002184        0x0 llmultiplyc.o
 .bss           0x0000000000002184      0x800 /home/TDDI11/sw/lib/elf/libepc.a(init-idt.o)
 .bss           0x0000000000002984        0x0 /home/TDDI11/sw/lib/elf/libepc.a(init-crt.o)
 .bss           0x0000000000002984        0x8 /home/TDDI11/sw/lib/elf/libepc.a(display.o)
 .bss           0x000000000000298c        0x0 /home/TDDI11/sw/lib/elf/libepc.a(timer.o)
 .bss           0x000000000000298c        0x0 /home/TDDI11/sw/lib/elf/libepc.a(init8259.o)
 .bss           0x000000000000298c        0x0 /home/TDDI11/sw/lib/elf/libepc.a(init8253.o)
 .bss           0x000000000000298c       0x34 /home/TDDI11/sw/lib/elf/libepc.a(keyboard.o)
 *(COMMON)
                0x00000000000029bf                bss_last = (. - 0x1)

/DISCARD/
 *(.eh_frame)
                0x00000000000029c0                stack_frst = (bss_last + 0x1)
                0x000000000000a9bf                stack_last = (bss_last + 0x8000)
                0x000000000000a9c0                heap_frst = (stack_last + 0x1)
OUTPUT(embedded.bin binary)

.debug_info     0x0000000000000000      0x2a8
 .debug_info    0x0000000000000000      0x18e test1.o
 .debug_info    0x000000000000018e      0x11a llmultiplyc.o

.debug_abbrev   0x0000000000000000      0x16d
 .debug_abbrev  0x0000000000000000       0xe4 test1.o
 .debug_abbrev  0x00000000000000e4       0x89 llmultiplyc.o

.debug_aranges  0x0000000000000000       0x40
 .debug_aranges
                0x0000000000000000       0x20 test1.o
 .debug_aranges
                0x0000000000000020       0x20 llmultiplyc.o

.debug_line     0x0000000000000000       0xe0
 .debug_line    0x0000000000000000       0x84 test1.o
 .debug_line    0x0000000000000084       0x5c llmultiplyc.o

.debug_str      0x0000000000000000      0x22e
 .debug_str     0x0000000000000000      0x128 test1.o
 .debug_str     0x0000000000000128      0x106 llmultiplyc.o

.comment        0x0000000000000000       0x24
 .comment       0x0000000000000000       0x12 test1.o
 .comment       0x0000000000000012       0x12 llmultiplyc.o
