Archive member included to satisfy reference by file (symbol)

/home/TDDI11/sw/lib/elf/ucos_ii.a(os_core.o)
                              main.o (OSInit)
/home/TDDI11/sw/lib/elf/ucos_ii.a(os_flag.o)
                              /home/TDDI11/sw/lib/elf/ucos_ii.a(os_core.o) (_OS_FlagInit)
/home/TDDI11/sw/lib/elf/ucos_ii.a(os_mem.o)
                              /home/TDDI11/sw/lib/elf/ucos_ii.a(os_core.o) (_OS_MemInit)
/home/TDDI11/sw/lib/elf/ucos_ii.a(os_q.o)
                              serial.o (OSQCreate)
/home/TDDI11/sw/lib/elf/ucos_ii.a(os_sem.o)
                              packet.o (OSSemCreate)
/home/TDDI11/sw/lib/elf/ucos_ii.a(os_task.o)
                              main.o (OSTaskCreate)
/home/TDDI11/sw/lib/elf/ucos_ii.a(os_time.o)
                              serial.o (OSTimeDly)
/home/TDDI11/sw/lib/elf/ucos_ii.a(os_cpu_a.o)
                              /home/TDDI11/sw/lib/elf/ucos_ii.a(os_core.o) (_OSStartHighRdy)
/home/TDDI11/sw/lib/elf/ucos_ii.a(os_cpu_c.o)
                              /home/TDDI11/sw/lib/elf/ucos_ii.a(os_task.o) (_OSTaskStkInit)
/home/TDDI11/sw/lib/elf/libepc.a(init-cpu.o)
                              (start)
/home/TDDI11/sw/lib/elf/libepc.a(init-idt.o)
                              serial.o (IRQ2INT)
/home/TDDI11/sw/lib/elf/libepc.a(init-crt.o)
                              /home/TDDI11/sw/lib/elf/libepc.a(init-cpu.o) (Init_CRT)
/home/TDDI11/sw/lib/elf/libepc.a(display.o)
                              main.o (SetCursorVisible)
/home/TDDI11/sw/lib/elf/libepc.a(init8259.o)
                              /home/TDDI11/sw/lib/elf/libepc.a(init-cpu.o) (Init8259)
/home/TDDI11/sw/lib/elf/libepc.a(init8253.o)
                              /home/TDDI11/sw/lib/elf/libepc.a(init-cpu.o) (Init8253)
/home/TDDI11/sw/lib/elf/libepc.a(heap.o)
                              main.o (malloc)
/home/TDDI11/sw/lib/elf/libepc.a(window.o)
                              inbound.o (WindowCreate)
/home/TDDI11/sw/lib/elf/libepc.a(checkcpu.o)
                              /home/TDDI11/sw/lib/elf/libepc.a(init-cpu.o) (Check_CPU)
/home/TDDI11/sw/lib/elf/libepc.a(io.o)
                              /home/TDDI11/sw/lib/elf/libepc.a(init-idt.o) (ISR_PIC1)
/home/TDDI11/sw/lib/elf/libepc.a(keyboard.o)
                              outbound.o (ScanCode2Ascii)
/home/TDDI11/sw/lib/elf/djgpp/libc.a(ct_flags.o)
                              outbound.o (__dj_ctype_flags)
/home/TDDI11/sw/lib/elf/djgpp/libc.a(memcpy.o)
                              /home/TDDI11/sw/lib/elf/ucos_ii.a(os_task.o) (_memcpy)
/home/TDDI11/sw/lib/elf/djgpp/libc.a(memset.o)
                              /home/TDDI11/sw/lib/elf/ucos_ii.a(os_task.o) (_memset)
/home/TDDI11/sw/lib/elf/djgpp/libc.a(strcpy.o)
                              /home/TDDI11/sw/lib/elf/libepc.a(window.o) (_strcpy)
/home/TDDI11/sw/lib/elf/djgpp/libc.a(strlen.o)
                              /home/TDDI11/sw/lib/elf/libepc.a(window.o) (_strlen)
/home/TDDI11/sw/lib/elf/djgpp/libc.a(disable.o)
                              serial.o (disable)
/home/TDDI11/sw/lib/elf/djgpp/libc.a(enable.o)
                              serial.o (enable)
/home/TDDI11/sw/lib/elf/djgpp/libc.a(djmd.o)
                              /home/TDDI11/sw/lib/elf/djgpp/libc.a(memcpy.o) (___dj_movedata)

Allokerar gemensamma symboler
Gemensam symbol     storlek           fil

_OSTaskCtr          0x4               /home/TDDI11/sw/lib/elf/ucos_ii.a(os_core.o)
_OSTCBCur           0x4               /home/TDDI11/sw/lib/elf/ucos_ii.a(os_core.o)
_OSCtxSwCtr         0x4               /home/TDDI11/sw/lib/elf/ucos_ii.a(os_core.o)
_OSTCBList          0x4               /home/TDDI11/sw/lib/elf/ucos_ii.a(os_core.o)
_OSTCBHighRdy       0x4               /home/TDDI11/sw/lib/elf/ucos_ii.a(os_core.o)
_OSQTbl             0x78              /home/TDDI11/sw/lib/elf/ucos_ii.a(os_core.o)
_OSRdyTbl           0x8               /home/TDDI11/sw/lib/elf/ucos_ii.a(os_core.o)
_OSTaskIdleStk      0x800             /home/TDDI11/sw/lib/elf/ucos_ii.a(os_core.o)
_OSEventTbl         0xa0              /home/TDDI11/sw/lib/elf/ucos_ii.a(os_core.o)
_OSTCBFreeList      0x4               /home/TDDI11/sw/lib/elf/ucos_ii.a(os_core.o)
_OldTickISR         0x4               /home/TDDI11/sw/lib/elf/ucos_ii.a(os_cpu_c.o)
_OSRdyGrp           0x4               /home/TDDI11/sw/lib/elf/ucos_ii.a(os_core.o)
_OSIntExitY         0x4               /home/TDDI11/sw/lib/elf/ucos_ii.a(os_core.o)
_OSPrioCur          0x4               /home/TDDI11/sw/lib/elf/ucos_ii.a(os_core.o)
_OSQFreeList        0x4               /home/TDDI11/sw/lib/elf/ucos_ii.a(os_core.o)
_OSIdleCtr          0x4               /home/TDDI11/sw/lib/elf/ucos_ii.a(os_core.o)
_OSRunning          0x4               /home/TDDI11/sw/lib/elf/ucos_ii.a(os_core.o)
_OSMemTbl           0x64              /home/TDDI11/sw/lib/elf/ucos_ii.a(os_core.o)
_OSPrioHighRdy      0x4               /home/TDDI11/sw/lib/elf/ucos_ii.a(os_core.o)
_OSTCBPrioTbl       0x100             /home/TDDI11/sw/lib/elf/ucos_ii.a(os_core.o)
_OSTickDOSCtr       0x4               /home/TDDI11/sw/lib/elf/ucos_ii.a(os_cpu_c.o)
_OSLockNesting      0x4               /home/TDDI11/sw/lib/elf/ucos_ii.a(os_core.o)
_OSTime             0x4               /home/TDDI11/sw/lib/elf/ucos_ii.a(os_core.o)
_OSFlagTbl          0x3c              /home/TDDI11/sw/lib/elf/ucos_ii.a(os_core.o)
_OSTCBTbl           0xe00             /home/TDDI11/sw/lib/elf/ucos_ii.a(os_core.o)
_OSIntNesting       0x4               /home/TDDI11/sw/lib/elf/ucos_ii.a(os_core.o)
_OSEventFreeList    0x4               /home/TDDI11/sw/lib/elf/ucos_ii.a(os_core.o)
_OSMemFreeList      0x4               /home/TDDI11/sw/lib/elf/ucos_ii.a(os_core.o)
_OSFlagFreeList     0x4               /home/TDDI11/sw/lib/elf/ucos_ii.a(os_core.o)

Discarded input sections

 .eh_frame      0x0000000000000000       0x64 main.o
 .eh_frame      0x0000000000000000       0x78 serial.o
 .eh_frame      0x0000000000000000       0x74 inbound.o
 .eh_frame      0x0000000000000000       0x54 outbound.o
 .eh_frame      0x0000000000000000       0xd8 elapsed.o
 .eh_frame      0x0000000000000000       0x54 packet.o
 .eh_frame      0x0000000000000000       0x74 count.o

Minneskonfiguration

Namn             Början            Längd             Attribut
conventional     0x0000000000000000 0x00000000000a0000
reserved         0x00000000000a0000 0x0000000000060000
extended         0x0000000000100000 0x00000000fff00000
*default*        0x0000000000000000 0xffffffffffffffff

Länkskript och minnestabell

LOAD main.o
LOAD serial.o
LOAD inbound.o
LOAD outbound.o
LOAD elapsed.o
LOAD packet.o
LOAD isr.o
LOAD count.o
LOAD /home/TDDI11/sw/lib/elf/ucos_ii.a
LOAD /home/TDDI11/sw/lib/elf/libepc.a
LOAD /home/TDDI11/sw/lib/elf/djgpp/libc.a
LOAD /sw/i386-elf-gcc-4.9.0/lib/gcc/i386-elf/4.9.0/libgcc.a

.text           0x0000000000000000     0x634c
                0x0000000000000000                text_frst = .
 *(.start)
 .start         0x0000000000000000        0x8 /home/TDDI11/sw/lib/elf/libepc.a(init-cpu.o)
                0x0000000000000000                start
 *(.init)
 *(.text)
 .text          0x0000000000000008       0xf7 main.o
                0x0000000000000033                main
 .text          0x00000000000000ff      0x17b serial.o
                0x00000000000000ff                SerialGet
                0x000000000000011e                SerialPut
                0x000000000000016c                SerialInit
 .text          0x000000000000027a       0xb0 inbound.o
                0x00000000000002a2                PostText
                0x00000000000002c3                InboundText
 .text          0x000000000000032a      0x17e outbound.o
                0x000000000000032a                OutboundThread
 .text          0x00000000000004a8      0x2ee elapsed.o
                0x00000000000004d0                PostTime
                0x00000000000004f1                InboundTime
                0x000000000000056e                ElapsedLocal
 .text          0x0000000000000796      0x1aa packet.o
                0x0000000000000796                ReceivePackets
                0x0000000000000899                SendPacket
 .text          0x0000000000000940       0x6d isr.o
                0x0000000000000940                OSKeyboardISR
                0x0000000000000975                OSSerialISR
 .text          0x00000000000009ad       0xbc count.o
                0x00000000000009d5                PostCount
                0x00000000000009f6                InboundCount
 *fill*         0x0000000000000a69        0x3 
 .text          0x0000000000000a6c      0xac0 /home/TDDI11/sw/lib/elf/ucos_ii.a(os_core.o)
                0x0000000000000a6c                _OSMapTbl
                0x0000000000000a74                _OSUnMapTbl
                0x0000000000000b74                OSInit
                0x0000000000000d3c                _OSIntEnter
                0x0000000000000d58                _OSIntExit
                0x0000000000000e00                _OSSchedLock
                0x0000000000000e24                _OSSchedUnlock
                0x0000000000000e68                OSStart
                0x0000000000000ef0                _OSTimeTick
                0x0000000000000fb0                _OSVersion
                0x0000000000000fc0                _OS_Dummy
                0x0000000000000fc8                _OS_EventTaskRdy
                0x000000000000110c                _OS_EventTaskWait
                0x00000000000011d0                _OS_EventTO
                0x000000000000125c                _OS_EventWaitListInit
                0x00000000000012bc                _OS_Sched
                0x000000000000134c                _OS_TaskIdle
                0x0000000000001368                _OS_TCBInit
 .text          0x000000000000152c      0xb60 /home/TDDI11/sw/lib/elf/ucos_ii.a(os_flag.o)
                0x000000000000152c                _OSFlagAccept
                0x00000000000016e4                _OSFlagCreate
                0x0000000000001750                _OSFlagDel
                0x0000000000001884                _OSFlagPend
                0x0000000000001bd4                _OSFlagPost
                0x0000000000001dd8                _OSFlagQuery
                0x0000000000001f20                _OS_FlagInit
                0x0000000000002018                _OS_FlagUnlink
 .text          0x000000000000208c      0x320 /home/TDDI11/sw/lib/elf/ucos_ii.a(os_mem.o)
                0x000000000000208c                _OSMemCreate
                0x00000000000021a8                _OSMemGet
                0x0000000000002200                _OSMemPut
                0x0000000000002260                _OSMemQuery
                0x00000000000022e4                _OS_MemInit
 .text          0x00000000000023ac      0x8b0 /home/TDDI11/sw/lib/elf/ucos_ii.a(os_q.o)
                0x00000000000023ac                _OSQAccept
                0x0000000000002428                OSQCreate
                0x0000000000002538                _OSQDel
                0x0000000000002690                _OSQFlush
                0x00000000000026e8                OSQPend
                0x0000000000002824                OSQPost
                0x00000000000028e8                _OSQPostFront
                0x00000000000029b0                _OSQPostOpt
                0x0000000000002ae8                _OSQQuery
                0x0000000000002c00                _OS_QInit
 .text          0x0000000000002c5c      0x410 /home/TDDI11/sw/lib/elf/ucos_ii.a(os_sem.o)
                0x0000000000002c5c                _OSSemAccept
                0x0000000000002ca8                OSSemCreate
                0x0000000000002d18                _OSSemDel
                0x0000000000002e34                OSSemPend
                0x0000000000002f14                OSSemPost
                0x0000000000002f88                _OSSemQuery
 .text          0x000000000000306c      0xae0 /home/TDDI11/sw/lib/elf/ucos_ii.a(os_task.o)
                0x000000000000306c                _OSTaskChangePrio
                0x0000000000003328                OSTaskCreate
                0x0000000000003410                _OSTaskCreateExt
                0x0000000000003550                _OSTaskDel
                0x0000000000003780                _OSTaskDelReq
                0x0000000000003810                _OSTaskResume
                0x00000000000038d8                _OSTaskStkChk
                0x00000000000039c0                _OSTaskSuspend
                0x0000000000003ac8                _OSTaskQuery
 .text          0x0000000000003b4c      0x2e0 /home/TDDI11/sw/lib/elf/ucos_ii.a(os_time.o)
                0x0000000000003b4c                OSTimeDly
                0x0000000000003bd8                _OSTimeDlyHMSM
                0x0000000000003d2c                _OSTimeDlyResume
                0x0000000000003df0                OSTimeGet
                0x0000000000003e10                _OSTimeSet
 .text          0x0000000000003e2c       0x68 /home/TDDI11/sw/lib/elf/ucos_ii.a(os_cpu_a.o)
                0x0000000000003e2c                _OSStartHighRdy
                0x0000000000003e41                _OSCtxSw
                0x0000000000003e49                _OSIntCtxSw
                0x0000000000003e66                _OSTickISR
 .text          0x0000000000003e94      0x190 /home/TDDI11/sw/lib/elf/ucos_ii.a(os_cpu_c.o)
                0x0000000000003e94                _OSTaskStkInit
                0x0000000000003fd8                _OSInitHookBegin
                0x0000000000003fe0                _OSInitHookEnd
                0x0000000000003fe8                _OSTaskCreateHook
                0x0000000000003ff0                _OSTaskDelHook
                0x0000000000003ff8                _OSTaskSwHook
                0x0000000000004000                _OSTaskStatHook
                0x0000000000004008                _OSTCBInitHook
                0x0000000000004010                _OSTimeTickHook
                0x0000000000004018                _OSTaskIdleHook
 .text          0x0000000000004024       0x50 /home/TDDI11/sw/lib/elf/libepc.a(init-cpu.o)
                0x0000000000004024                Init_CPU
 .text          0x0000000000004074      0x5a0 /home/TDDI11/sw/lib/elf/libepc.a(init-idt.o)
                0x0000000000004484                IRQ2INT
                0x0000000000004498                _GetISR
                0x00000000000044dc                SetISR
                0x0000000000004514                Init_IDT
 .text          0x0000000000004614      0x110 /home/TDDI11/sw/lib/elf/libepc.a(init-crt.o)
                0x0000000000004614                Init_CRT
                0x0000000000004648                _LastMemoryAddress
 .text          0x0000000000004724      0x6e0 /home/TDDI11/sw/lib/elf/libepc.a(display.o)
                0x0000000000004724                SetCursorVisible
                0x00000000000047a8                _GetCursorRow
                0x00000000000047bc                _GetCursorCol
                0x00000000000047d0                SetCursorPosition
                0x0000000000004874                ClearScreen
                0x00000000000048dc                _PutAttb
                0x0000000000004928                _PutCharAt
                0x0000000000004954                _PutChar
                0x00000000000049d8                PutString
                0x0000000000004a10                PutUnsigned
                0x0000000000004a48                FormatUnsigned
                0x0000000000004ad8                Unsigned2Ascii
                0x0000000000004b5c                _Cell
 .text          0x0000000000004e04       0xe0 /home/TDDI11/sw/lib/elf/libepc.a(init8259.o)
                0x0000000000004e04                Init8259
 .text          0x0000000000004ee4       0xb0 /home/TDDI11/sw/lib/elf/libepc.a(init8253.o)
                0x0000000000004ee4                Init8253
 .text          0x0000000000004f94      0x660 /home/TDDI11/sw/lib/elf/libepc.a(heap.o)
                0x0000000000004f94                malloc
                0x0000000000005048                free
 .text          0x00000000000055f4      0x600 /home/TDDI11/sw/lib/elf/libepc.a(window.o)
                0x00000000000055f8                WindowCreate
                0x00000000000056e0                _WindowErase
                0x0000000000005750                WindowSelect
                0x0000000000005774                WindowSetCursor
                0x00000000000057a4                WindowPutChar
                0x0000000000005884                WindowPutString
 .text          0x0000000000005bf4       0x98 /home/TDDI11/sw/lib/elf/libepc.a(checkcpu.o)
                0x0000000000005bf4                Check_CPU
 .text          0x0000000000005c8c       0x60 /home/TDDI11/sw/lib/elf/libepc.a(io.o)
                0x0000000000005c8c                TimerTickISR
                0x0000000000005c98                KeyboardISR
                0x0000000000005cb8                ISR_PIC1
                0x0000000000005cbf                ISR_PIC2
                0x0000000000005cc8                ___main
                0x0000000000005cc9                inportb
                0x0000000000005cd3                outportb
                0x0000000000005ce5                _exit
 .text          0x0000000000005cec      0x570 /home/TDDI11/sw/lib/elf/libepc.a(keyboard.o)
                0x0000000000005cec                ScanCodeRdy
                0x0000000000005d10                GetScanCode
                0x0000000000005d40                ScanCode2Ascii
                0x0000000000005f00                SetsKybdState
                0x00000000000060f0                Enqueue
 .text          0x000000000000625c        0x0 /home/TDDI11/sw/lib/elf/djgpp/libc.a(ct_flags.o)
 .text          0x000000000000625c       0x1c /home/TDDI11/sw/lib/elf/djgpp/libc.a(memcpy.o)
                0x000000000000625c                _memcpy
 .text          0x0000000000006278       0x40 /home/TDDI11/sw/lib/elf/djgpp/libc.a(memset.o)
                0x0000000000006278                _memset
 .text          0x00000000000062b8       0x28 /home/TDDI11/sw/lib/elf/djgpp/libc.a(strcpy.o)
                0x00000000000062b8                _strcpy
 .text          0x00000000000062e0       0x24 /home/TDDI11/sw/lib/elf/djgpp/libc.a(strlen.o)
                0x00000000000062e0                _strlen
 .text          0x0000000000006304       0x10 /home/TDDI11/sw/lib/elf/djgpp/libc.a(disable.o)
                0x0000000000006304                disable
 .text          0x0000000000006314       0x10 /home/TDDI11/sw/lib/elf/djgpp/libc.a(enable.o)
                0x0000000000006314                enable
 .text          0x0000000000006324       0x28 /home/TDDI11/sw/lib/elf/djgpp/libc.a(djmd.o)
                0x0000000000006324                ___dj_movedata
                0x000000000000634b                text_last = (. - 0x1)

.data           0x000000000000634c      0x8f9
                0x000000000000634c                data_frst = .
 *(.data)
 .data          0x000000000000634c        0x0 main.o
 .data          0x000000000000634c        0x0 serial.o
 .data          0x000000000000634c        0x0 inbound.o
 .data          0x000000000000634c        0x1 outbound.o
 *fill*         0x000000000000634d        0x3 
 .data          0x0000000000006350        0xb elapsed.o
 .data          0x000000000000635b        0x0 packet.o
 *fill*         0x000000000000635b        0x1 
 .data          0x000000000000635c        0x0 isr.o
 .data          0x000000000000635c        0x0 count.o
 .data          0x000000000000635c        0x0 /home/TDDI11/sw/lib/elf/ucos_ii.a(os_core.o)
 .data          0x000000000000635c        0x0 /home/TDDI11/sw/lib/elf/ucos_ii.a(os_flag.o)
 .data          0x000000000000635c        0x0 /home/TDDI11/sw/lib/elf/ucos_ii.a(os_mem.o)
 .data          0x000000000000635c        0x0 /home/TDDI11/sw/lib/elf/ucos_ii.a(os_q.o)
 .data          0x000000000000635c        0x0 /home/TDDI11/sw/lib/elf/ucos_ii.a(os_sem.o)
 .data          0x000000000000635c        0x0 /home/TDDI11/sw/lib/elf/ucos_ii.a(os_task.o)
 .data          0x000000000000635c        0x0 /home/TDDI11/sw/lib/elf/ucos_ii.a(os_time.o)
 .data          0x000000000000635c        0x0 /home/TDDI11/sw/lib/elf/ucos_ii.a(os_cpu_a.o)
 .data          0x000000000000635c       0x10 /home/TDDI11/sw/lib/elf/ucos_ii.a(os_cpu_c.o)
 .data          0x000000000000636c       0x20 /home/TDDI11/sw/lib/elf/libepc.a(init-cpu.o)
                0x000000000000638a                code_selector
 .data          0x000000000000638c       0x90 /home/TDDI11/sw/lib/elf/libepc.a(init-idt.o)
 .data          0x000000000000641c       0x10 /home/TDDI11/sw/lib/elf/libepc.a(init-crt.o)
 .data          0x000000000000642c       0x30 /home/TDDI11/sw/lib/elf/libepc.a(display.o)
 .data          0x000000000000645c        0x0 /home/TDDI11/sw/lib/elf/libepc.a(init8259.o)
 .data          0x000000000000645c        0x0 /home/TDDI11/sw/lib/elf/libepc.a(init8253.o)
 .data          0x000000000000645c       0x10 /home/TDDI11/sw/lib/elf/libepc.a(heap.o)
 .data          0x000000000000646c        0x0 /home/TDDI11/sw/lib/elf/libepc.a(window.o)
 .data          0x000000000000646c        0xc /home/TDDI11/sw/lib/elf/libepc.a(io.o)
                0x000000000000646c                msec
                0x0000000000006470                old_tick_isr
                0x0000000000006474                old_kybd_isr
 .data          0x0000000000006478      0x5a0 /home/TDDI11/sw/lib/elf/libepc.a(keyboard.o)
 .data          0x0000000000006a18      0x204 /home/TDDI11/sw/lib/elf/djgpp/libc.a(ct_flags.o)
                0x0000000000006a18                __dj_ctype_flags
 .data          0x0000000000006c1c        0x0 /home/TDDI11/sw/lib/elf/djgpp/libc.a(memcpy.o)
 .data          0x0000000000006c1c        0x0 /home/TDDI11/sw/lib/elf/djgpp/libc.a(memset.o)
 .data          0x0000000000006c1c        0x0 /home/TDDI11/sw/lib/elf/djgpp/libc.a(strcpy.o)
 .data          0x0000000000006c1c        0x0 /home/TDDI11/sw/lib/elf/djgpp/libc.a(strlen.o)
 .data          0x0000000000006c1c        0x0 /home/TDDI11/sw/lib/elf/djgpp/libc.a(disable.o)
 .data          0x0000000000006c1c        0x0 /home/TDDI11/sw/lib/elf/djgpp/libc.a(enable.o)
 .data          0x0000000000006c1c        0x0 /home/TDDI11/sw/lib/elf/djgpp/libc.a(djmd.o)
 *(.rodata)
 .rodata        0x0000000000006c1c        0x7 inbound.o
 .rodata        0x0000000000006c23        0x6 outbound.o
 .rodata        0x0000000000006c29        0xd elapsed.o
 .rodata        0x0000000000006c36        0xf count.o
 *(.rodata.str1.1)
 *(.rodata.str1.32)
                0x0000000000006c44                data_last = (. - 0x1)

.bss            0x0000000000006c60     0x23e0
                0x0000000000006c60                bss_frst = .
 *(.bss)
 .bss           0x0000000000006c60        0x0 main.o
 .bss           0x0000000000006c60       0x70 serial.o
                0x0000000000006c60                com1_queue
 *fill*         0x0000000000006cd0       0x10 
 .bss           0x0000000000006ce0       0x70 inbound.o
 *fill*         0x0000000000006d50       0x10 
 .bss           0x0000000000006d60       0x70 outbound.o
                0x0000000000006d60                kybd_queue
 *fill*         0x0000000000006dd0       0x10 
 .bss           0x0000000000006de0       0x80 elapsed.o
 .bss           0x0000000000006e60        0x4 packet.o
 *fill*         0x0000000000006e64       0x1c 
 .bss           0x0000000000006e80       0x70 count.o
 .bss           0x0000000000006ef0        0x0 /home/TDDI11/sw/lib/elf/ucos_ii.a(os_core.o)
 .bss           0x0000000000006ef0        0x0 /home/TDDI11/sw/lib/elf/ucos_ii.a(os_flag.o)
 .bss           0x0000000000006ef0        0x0 /home/TDDI11/sw/lib/elf/ucos_ii.a(os_mem.o)
 .bss           0x0000000000006ef0        0x0 /home/TDDI11/sw/lib/elf/ucos_ii.a(os_q.o)
 .bss           0x0000000000006ef0        0x0 /home/TDDI11/sw/lib/elf/ucos_ii.a(os_sem.o)
 .bss           0x0000000000006ef0        0x0 /home/TDDI11/sw/lib/elf/ucos_ii.a(os_task.o)
 .bss           0x0000000000006ef0        0x0 /home/TDDI11/sw/lib/elf/ucos_ii.a(os_time.o)
 .bss           0x0000000000006ef0        0x0 /home/TDDI11/sw/lib/elf/ucos_ii.a(os_cpu_c.o)
 .bss           0x0000000000006ef0      0x800 /home/TDDI11/sw/lib/elf/libepc.a(init-idt.o)
 .bss           0x00000000000076f0        0x0 /home/TDDI11/sw/lib/elf/libepc.a(init-crt.o)
 .bss           0x00000000000076f0        0x8 /home/TDDI11/sw/lib/elf/libepc.a(display.o)
 .bss           0x00000000000076f8        0x0 /home/TDDI11/sw/lib/elf/libepc.a(init8259.o)
 .bss           0x00000000000076f8        0x0 /home/TDDI11/sw/lib/elf/libepc.a(init8253.o)
 .bss           0x00000000000076f8        0x0 /home/TDDI11/sw/lib/elf/libepc.a(heap.o)
 .bss           0x00000000000076f8        0x0 /home/TDDI11/sw/lib/elf/libepc.a(window.o)
 .bss           0x00000000000076f8       0x34 /home/TDDI11/sw/lib/elf/libepc.a(keyboard.o)
 .bss           0x000000000000772c        0x0 /home/TDDI11/sw/lib/elf/djgpp/libc.a(ct_flags.o)
 .bss           0x000000000000772c        0x0 /home/TDDI11/sw/lib/elf/djgpp/libc.a(memcpy.o)
 .bss           0x000000000000772c        0x0 /home/TDDI11/sw/lib/elf/djgpp/libc.a(memset.o)
 .bss           0x000000000000772c        0x0 /home/TDDI11/sw/lib/elf/djgpp/libc.a(strcpy.o)
 .bss           0x000000000000772c        0x0 /home/TDDI11/sw/lib/elf/djgpp/libc.a(strlen.o)
 .bss           0x000000000000772c        0x0 /home/TDDI11/sw/lib/elf/djgpp/libc.a(disable.o)
 .bss           0x000000000000772c        0x0 /home/TDDI11/sw/lib/elf/djgpp/libc.a(enable.o)
 .bss           0x000000000000772c        0x0 /home/TDDI11/sw/lib/elf/djgpp/libc.a(djmd.o)
 *(COMMON)
 COMMON         0x000000000000772c     0x190c /home/TDDI11/sw/lib/elf/ucos_ii.a(os_core.o)
                0x000000000000772c                _OSTaskCtr
                0x0000000000007730                _OSTCBCur
                0x0000000000007734                _OSCtxSwCtr
                0x0000000000007738                _OSTCBList
                0x000000000000773c                _OSTCBHighRdy
                0x0000000000007740                _OSQTbl
                0x00000000000077b8                _OSRdyTbl
                0x00000000000077c0                _OSTaskIdleStk
                0x0000000000007fc0                _OSEventTbl
                0x0000000000008060                _OSTCBFreeList
                0x0000000000008064                _OSRdyGrp
                0x0000000000008068                _OSIntExitY
                0x000000000000806c                _OSPrioCur
                0x0000000000008070                _OSQFreeList
                0x0000000000008074                _OSIdleCtr
                0x0000000000008078                _OSRunning
                0x000000000000807c                _OSMemTbl
                0x00000000000080e0                _OSPrioHighRdy
                0x00000000000080e4                _OSTCBPrioTbl
                0x00000000000081e4                _OSLockNesting
                0x00000000000081e8                _OSTime
                0x00000000000081ec                _OSFlagTbl
                0x0000000000008228                _OSTCBTbl
                0x0000000000009028                _OSIntNesting
                0x000000000000902c                _OSEventFreeList
                0x0000000000009030                _OSMemFreeList
                0x0000000000009034                _OSFlagFreeList
 COMMON         0x0000000000009038        0x8 /home/TDDI11/sw/lib/elf/ucos_ii.a(os_cpu_c.o)
                0x0000000000009038                _OldTickISR
                0x000000000000903c                _OSTickDOSCtr
                0x000000000000903f                bss_last = (. - 0x1)

/DISCARD/
 *(.eh_frame)
                0x0000000000009040                stack_frst = (bss_last + 0x1)
                0x000000000001103f                stack_last = (bss_last + 0x8000)
                0x0000000000011040                heap_frst = (stack_last + 0x1)
OUTPUT(embedded.bin binary)

.debug_info     0x0000000000000000      0xf4d
 .debug_info    0x0000000000000000       0xd6 main.o
 .debug_info    0x00000000000000d6      0x1a4 serial.o
 .debug_info    0x000000000000027a      0x264 inbound.o
 .debug_info    0x00000000000004de      0x26e outbound.o
 .debug_info    0x000000000000074c      0x392 elapsed.o
 .debug_info    0x0000000000000ade      0x20f packet.o
 .debug_info    0x0000000000000ced      0x260 count.o

.debug_abbrev   0x0000000000000000      0x699
 .debug_abbrev  0x0000000000000000       0x81 main.o
 .debug_abbrev  0x0000000000000081       0xe9 serial.o
 .debug_abbrev  0x000000000000016a       0xfb inbound.o
 .debug_abbrev  0x0000000000000265      0x113 outbound.o
 .debug_abbrev  0x0000000000000378      0x13c elapsed.o
 .debug_abbrev  0x00000000000004b4       0xea packet.o
 .debug_abbrev  0x000000000000059e       0xfb count.o

.debug_aranges  0x0000000000000000       0xe0
 .debug_aranges
                0x0000000000000000       0x20 main.o
 .debug_aranges
                0x0000000000000020       0x20 serial.o
 .debug_aranges
                0x0000000000000040       0x20 inbound.o
 .debug_aranges
                0x0000000000000060       0x20 outbound.o
 .debug_aranges
                0x0000000000000080       0x20 elapsed.o
 .debug_aranges
                0x00000000000000a0       0x20 packet.o
 .debug_aranges
                0x00000000000000c0       0x20 count.o

.debug_line     0x0000000000000000      0x4f4
 .debug_line    0x0000000000000000       0x78 main.o
 .debug_line    0x0000000000000078       0x9d serial.o
 .debug_line    0x0000000000000115       0x99 inbound.o
 .debug_line    0x00000000000001ae       0xdd outbound.o
 .debug_line    0x000000000000028b       0xff elapsed.o
 .debug_line    0x000000000000038a       0xcd packet.o
 .debug_line    0x0000000000000457       0x9d count.o

.debug_str      0x0000000000000000      0xb52
 .debug_str     0x0000000000000000      0x111 main.o
 .debug_str     0x0000000000000111      0x180 serial.o
 .debug_str     0x0000000000000291      0x1ac inbound.o
 .debug_str     0x000000000000043d      0x1ce outbound.o
 .debug_str     0x000000000000060b      0x205 elapsed.o
 .debug_str     0x0000000000000810      0x196 packet.o
 .debug_str     0x00000000000009a6      0x1ac count.o

.comment        0x0000000000000000       0x7e
 .comment       0x0000000000000000       0x12 main.o
 .comment       0x0000000000000012       0x12 serial.o
 .comment       0x0000000000000024       0x12 inbound.o
 .comment       0x0000000000000036       0x12 outbound.o
 .comment       0x0000000000000048       0x12 elapsed.o
 .comment       0x000000000000005a       0x12 packet.o
 .comment       0x000000000000006c       0x12 count.o
