Archive member included to satisfy reference by file (symbol)

/home/TDDI11/sw/lib/elf/libepc.a(init-cpu.o)
                              (start)
/home/TDDI11/sw/lib/elf/libepc.a(init-idt.o)
                              /home/TDDI11/sw/lib/elf/libepc.a(init-cpu.o) (Init_IDT)
/home/TDDI11/sw/lib/elf/libepc.a(init-crt.o)
                              /home/TDDI11/sw/lib/elf/libepc.a(init-cpu.o) (Init_CRT)
/home/TDDI11/sw/lib/elf/libepc.a(display.o)
                              main.o (SetCursorPosition)
/home/TDDI11/sw/lib/elf/libepc.a(timer.o)
                              main.o (Milliseconds)
/home/TDDI11/sw/lib/elf/libepc.a(init8259.o)
                              /home/TDDI11/sw/lib/elf/libepc.a(init-cpu.o) (Init8259)
/home/TDDI11/sw/lib/elf/libepc.a(init8253.o)
                              /home/TDDI11/sw/lib/elf/libepc.a(init-cpu.o) (Init8253)
/home/TDDI11/sw/lib/elf/libepc.a(cycles.o)
                              main.o (CPU_Clock_Cycles)
/home/TDDI11/sw/lib/elf/libepc.a(checkcpu.o)
                              /home/TDDI11/sw/lib/elf/libepc.a(init-cpu.o) (Check_CPU)
/home/TDDI11/sw/lib/elf/libepc.a(io.o)
                              /home/TDDI11/sw/lib/elf/libepc.a(timer.o) (msec)
/home/TDDI11/sw/lib/elf/libepc.a(keyboard.o)
                              /home/TDDI11/sw/lib/elf/libepc.a(io.o) (Enqueue)
/sw/i386-elf-gcc-4.9.0/lib/gcc/i386-elf/4.9.0/libgcc.a(_udivdi3.o)
                              main.o (__udivdi3)

Discarded input sections

 .eh_frame      0x0000000000000000       0x68 main.o
 .eh_frame      0x0000000000000000       0x84 /sw/i386-elf-gcc-4.9.0/lib/gcc/i386-elf/4.9.0/libgcc.a(_udivdi3.o)

Minneskonfiguration

Namn             Början            Längd             Attribut
conventional     0x0000000000000000 0x00000000000a0000
reserved         0x00000000000a0000 0x0000000000060000
extended         0x0000000000100000 0x00000000fff00000
*default*        0x0000000000000000 0xffffffffffffffff

Länkskript och minnestabell

LOAD main.o
LOAD /home/TDDI11/sw/lib/elf/libepc.a
LOAD /home/TDDI11/sw/lib/elf/djgpp/libc.a
LOAD /sw/i386-elf-gcc-4.9.0/lib/gcc/i386-elf/4.9.0/libgcc.a

.text           0x0000000000000000     0x1c1f
                0x0000000000000000                text_frst = .
 *(.start)
 .start         0x0000000000000000        0x8 /home/TDDI11/sw/lib/elf/libepc.a(init-cpu.o)
                0x0000000000000000                start
 *(.init)
 *(.text)
 .text          0x0000000000000008      0x3cc main.o
                0x0000000000000008                printrow
                0x0000000000000061                main
 .text          0x00000000000003d4       0x50 /home/TDDI11/sw/lib/elf/libepc.a(init-cpu.o)
                0x00000000000003d4                Init_CPU
 .text          0x0000000000000424      0x5a0 /home/TDDI11/sw/lib/elf/libepc.a(init-idt.o)
                0x0000000000000834                IRQ2INT
                0x0000000000000848                _GetISR
                0x000000000000088c                SetISR
                0x00000000000008c4                Init_IDT
 .text          0x00000000000009c4      0x110 /home/TDDI11/sw/lib/elf/libepc.a(init-crt.o)
                0x00000000000009c4                Init_CRT
                0x00000000000009f8                _LastMemoryAddress
 .text          0x0000000000000ad4      0x6e0 /home/TDDI11/sw/lib/elf/libepc.a(display.o)
                0x0000000000000ad4                SetCursorVisible
                0x0000000000000b58                _GetCursorRow
                0x0000000000000b6c                _GetCursorCol
                0x0000000000000b80                SetCursorPosition
                0x0000000000000c24                ClearScreen
                0x0000000000000c8c                _PutAttb
                0x0000000000000cd8                _PutCharAt
                0x0000000000000d04                _PutChar
                0x0000000000000d88                PutString
                0x0000000000000dc0                PutUnsigned
                0x0000000000000df8                FormatUnsigned
                0x0000000000000e88                Unsigned2Ascii
                0x0000000000000f0c                _Cell
 .text          0x00000000000011b4       0xe0 /home/TDDI11/sw/lib/elf/libepc.a(timer.o)
                0x000000000000123c                Milliseconds
                0x0000000000001258                Now_Plus
 .text          0x0000000000001294       0xe0 /home/TDDI11/sw/lib/elf/libepc.a(init8259.o)
                0x0000000000001294                Init8259
 .text          0x0000000000001374       0xb0 /home/TDDI11/sw/lib/elf/libepc.a(init8253.o)
                0x0000000000001374                Init8253
 .text          0x0000000000001424       0x70 /home/TDDI11/sw/lib/elf/libepc.a(cycles.o)
                0x0000000000001424                CPU_Clock_Cycles
 .text          0x0000000000001494       0x98 /home/TDDI11/sw/lib/elf/libepc.a(checkcpu.o)
                0x0000000000001494                Check_CPU
 .text          0x000000000000152c       0x60 /home/TDDI11/sw/lib/elf/libepc.a(io.o)
                0x000000000000152c                TimerTickISR
                0x0000000000001538                KeyboardISR
                0x0000000000001558                ISR_PIC1
                0x000000000000155f                ISR_PIC2
                0x0000000000001568                ___main
                0x0000000000001569                inportb
                0x0000000000001573                outportb
                0x0000000000001585                _exit
 .text          0x000000000000158c      0x570 /home/TDDI11/sw/lib/elf/libepc.a(keyboard.o)
                0x000000000000158c                ScanCodeRdy
                0x00000000000015b0                GetScanCode
                0x00000000000015e0                ScanCode2Ascii
                0x00000000000017a0                SetsKybdState
                0x0000000000001990                Enqueue
 .text          0x0000000000001afc      0x123 /sw/i386-elf-gcc-4.9.0/lib/gcc/i386-elf/4.9.0/libgcc.a(_udivdi3.o)
                0x0000000000001afc                __udivdi3
                0x0000000000001c1e                text_last = (. - 0x1)

.text.unlikely  0x0000000000001c1f        0x0
 .text.unlikely
                0x0000000000001c1f        0x0 /sw/i386-elf-gcc-4.9.0/lib/gcc/i386-elf/4.9.0/libgcc.a(_udivdi3.o)

.data           0x0000000000001c20      0x739
                0x0000000000001c20                data_frst = .
 *(.data)
 .data          0x0000000000001c20        0x0 main.o
 .data          0x0000000000001c20       0x20 /home/TDDI11/sw/lib/elf/libepc.a(init-cpu.o)
                0x0000000000001c3e                code_selector
 .data          0x0000000000001c40       0x90 /home/TDDI11/sw/lib/elf/libepc.a(init-idt.o)
 .data          0x0000000000001cd0       0x10 /home/TDDI11/sw/lib/elf/libepc.a(init-crt.o)
 .data          0x0000000000001ce0       0x30 /home/TDDI11/sw/lib/elf/libepc.a(display.o)
 .data          0x0000000000001d10       0x10 /home/TDDI11/sw/lib/elf/libepc.a(timer.o)
 .data          0x0000000000001d20        0x0 /home/TDDI11/sw/lib/elf/libepc.a(init8259.o)
 .data          0x0000000000001d20        0x0 /home/TDDI11/sw/lib/elf/libepc.a(init8253.o)
 .data          0x0000000000001d20        0x4 /home/TDDI11/sw/lib/elf/libepc.a(cycles.o)
 .data          0x0000000000001d24        0xc /home/TDDI11/sw/lib/elf/libepc.a(io.o)
                0x0000000000001d24                msec
                0x0000000000001d28                old_tick_isr
                0x0000000000001d2c                old_kybd_isr
 .data          0x0000000000001d30      0x5a0 /home/TDDI11/sw/lib/elf/libepc.a(keyboard.o)
 .data          0x00000000000022d0        0x0 /sw/i386-elf-gcc-4.9.0/lib/gcc/i386-elf/4.9.0/libgcc.a(_udivdi3.o)
 *(.rodata)
 .rodata        0x00000000000022d0       0x89 main.o
 *(.rodata.str1.1)
 *(.rodata.str1.32)
                0x0000000000002358                data_last = (. - 0x1)

.bss            0x000000000000235c      0x83c
                0x000000000000235c                bss_frst = .
 *(.bss)
 .bss           0x000000000000235c        0x0 main.o
 .bss           0x000000000000235c      0x800 /home/TDDI11/sw/lib/elf/libepc.a(init-idt.o)
 .bss           0x0000000000002b5c        0x0 /home/TDDI11/sw/lib/elf/libepc.a(init-crt.o)
 .bss           0x0000000000002b5c        0x8 /home/TDDI11/sw/lib/elf/libepc.a(display.o)
 .bss           0x0000000000002b64        0x0 /home/TDDI11/sw/lib/elf/libepc.a(timer.o)
 .bss           0x0000000000002b64        0x0 /home/TDDI11/sw/lib/elf/libepc.a(init8259.o)
 .bss           0x0000000000002b64        0x0 /home/TDDI11/sw/lib/elf/libepc.a(init8253.o)
 .bss           0x0000000000002b64       0x34 /home/TDDI11/sw/lib/elf/libepc.a(keyboard.o)
 .bss           0x0000000000002b98        0x0 /sw/i386-elf-gcc-4.9.0/lib/gcc/i386-elf/4.9.0/libgcc.a(_udivdi3.o)
 *(COMMON)
                0x0000000000002b97                bss_last = (. - 0x1)

/DISCARD/
 *(.eh_frame)
                0x0000000000002b98                stack_frst = (bss_last + 0x1)
                0x000000000000ab97                stack_last = (bss_last + 0x8000)
                0x000000000000ab98                heap_frst = (stack_last + 0x1)
OUTPUT(embedded.bin binary)

.debug_info     0x0000000000000000      0x4b8
 .debug_info    0x0000000000000000      0x1d6 main.o
 .debug_info    0x00000000000001d6      0x2e2 /sw/i386-elf-gcc-4.9.0/lib/gcc/i386-elf/4.9.0/libgcc.a(_udivdi3.o)

.debug_abbrev   0x0000000000000000      0x1f2
 .debug_abbrev  0x0000000000000000       0xb2 main.o
 .debug_abbrev  0x00000000000000b2      0x140 /sw/i386-elf-gcc-4.9.0/lib/gcc/i386-elf/4.9.0/libgcc.a(_udivdi3.o)

.debug_aranges  0x0000000000000000       0x40
 .debug_aranges
                0x0000000000000000       0x20 main.o
 .debug_aranges
                0x0000000000000020       0x20 /sw/i386-elf-gcc-4.9.0/lib/gcc/i386-elf/4.9.0/libgcc.a(_udivdi3.o)

.debug_line     0x0000000000000000      0x187
 .debug_line    0x0000000000000000       0xd5 main.o
 .debug_line    0x00000000000000d5       0xb2 /sw/i386-elf-gcc-4.9.0/lib/gcc/i386-elf/4.9.0/libgcc.a(_udivdi3.o)

.debug_str      0x0000000000000000      0x3a0
 .debug_str     0x0000000000000000      0x189 main.o
 .debug_str     0x0000000000000189      0x217 /sw/i386-elf-gcc-4.9.0/lib/gcc/i386-elf/4.9.0/libgcc.a(_udivdi3.o)

.comment        0x0000000000000000       0x24
 .comment       0x0000000000000000       0x12 main.o
 .comment       0x0000000000000012       0x12 /sw/i386-elf-gcc-4.9.0/lib/gcc/i386-elf/4.9.0/libgcc.a(_udivdi3.o)

.debug_loc      0x0000000000000000      0x4f3
 .debug_loc     0x0000000000000000      0x4f3 /sw/i386-elf-gcc-4.9.0/lib/gcc/i386-elf/4.9.0/libgcc.a(_udivdi3.o)

.debug_ranges   0x0000000000000000       0x30
 .debug_ranges  0x0000000000000000       0x30 /sw/i386-elf-gcc-4.9.0/lib/gcc/i386-elf/4.9.0/libgcc.a(_udivdi3.o)
